
> pestpro-index-london-v2@0.1.0 build
> next build

Attention: Next.js now collects completely anonymous telemetry regarding usage.
This information is used to shape Next.js' roadmap and prioritize features.
You can learn more, including how to opt-out if you'd not like to participate in this anonymous program, by visiting the following URL:
https://nextjs.org/telemetry

▲ Next.js 16.1.4 (Turbopack)

  Creating an optimized production build ...
✓ Compiled successfully in 3.3s
  Running TypeScript ...
Failed to compile.

./app/commercial/page.tsx:166:22
Type error: Argument of type 'GenericStringError[]' is not assignable to parameter of type 'SetStateAction<Provider[]>'.
  Type 'GenericStringError[]' is not assignable to type 'Provider[]'.
    Type '{ error: true; } & String' is missing the following properties from type 'Provider': canonical_id, name, website, google_rating, and 8 more.

[0m [90m 164 |[39m         console[33m.[39mlog([32m'=== END DEBUG ==='[39m)[33m;[39m
 [90m 165 |[39m
[31m[1m>[22m[39m[90m 166 |[39m         setProviders(data [33m||[39m [])[33m;[39m
 [90m     |[39m                      [31m[1m^[22m[39m
 [90m 167 |[39m       } [36mcatch[39m (error) {
 [90m 168 |[39m         console[33m.[39merror([32m'Error loading providers:'[39m[33m,[39m error)[33m;[39m
 [90m 169 |[39m         [90m// Show error state instead of infinite loading[39m[0m
Next.js build worker exited with code: 1 and signal: null
